Running Gradle task 'assembleRelease'...                        
flutter : Warning: Flutter support for your project's Kotlin version (2.0.21) will soon be dropped. Please upgrade 
your Kotlin version to a version of at least 2.1.0 soon.
At line:1 char:1
+ flutter build apk --release > build_errors.txt 2>&1
+ ~~~~~~~~~~~~~~~~~~~~~~~~~~~~~~~~~~~~~~~~~~~~~~~~~~~
    + CategoryInfo          : NotSpecified: (Warning: Flutte...ast 2.1.0 soon.:String) [], RemoteException
    + FullyQualifiedErrorId : NativeCommandError
 
Alternatively, use the flag "--android-skip-build-dependency-validation" to bypass this check.

Potential fix: Your project's KGP version is typically defined in the plugins block of the `settings.gradle` file 
(C:\Laiban\aspirant_flow\android/settings.gradle), by a plugin with the id of org.jetbrains.kotlin.android. 
If you don't see a plugins block, your project was likely created with an older template version, in which case it is 
most likely defined in the top-level build.gradle file (C:\Laiban\aspirant_flow\android/build.gradle) by the 
ext.kotlin_version property.

/C:/Users/hello/AppData/Local/Pub/Cache/hosted/pub.dev/record_linux-0.7.2/lib/record_linux.dart:12:7: Error: The 
non-abstract class 'RecordLinux' is missing implementations for these members:
 - RecordMethodChannelPlatformInterface.startStream
Try to either
 - provide an implementation,
 - inherit an implementation from a superclass or mixin,
 - mark the class as abstract, or
 - provide a 'noSuchMethod' implementation.
class RecordLinux extends RecordPlatform {
      ^^^^^^^^^^^
/C:/Users/hello/AppData/Local/Pub/Cache/hosted/pub.dev/record_platform_interface-1.4.0/lib/src/record_platform_interfac
e.dart:46:29: Context: 'RecordMethodChannelPlatformInterface.startStream' is defined here.
  Future<Stream<Uint8List>> startStream(String recorderId, RecordConfig config);
                            ^^^^^^^^^^^
Target kernel_snapshot_program failed: Exception


FAILURE: Build failed with an exception.

* What went wrong:
Execution failed for task ':app:compileFlutterBuildRelease'.
> Process 'command 'C:\Laiban\Flutter\flutter\bin\flutter.bat'' finished with non-zero exit value 1

* Try:
> Run with --stacktrace option to get the stack trace.
> Run with --info or --debug option to get more log output.
> Run with --scan to get full insights.
> Get more help at https://help.gradle.org.

BUILD FAILED in 2m 15s
Running Gradle task 'assembleRelease'...                          138.5s
Gradle task assembleRelease failed with exit code 1
